No files changed, compilation skipped

Ran 1 test for test/ReentrancyExploit.t.sol:ReentrancyExploit
[FAIL: NOT_ENOUGH_ETH] testReentrancy() (gas: 130842)
Logs:
  maxDeposit 1000000000000000000
  prev.amount 0
  block.number 1
  prev.depositedAtBlock 0
  Before add prev.amount 0
  Final prev.amount 1000000000000000000
  maxDeposit 1000000000000000000
  prev.amount 1000000000000000000
  block.number 2
  prev.depositedAtBlock 1
  Before add prev.amount 1000000000000000000
  Final prev.amount 2000000000000000000
  maxDeposit 1000000000000000000
  prev.amount 2000000000000000000
  block.number 3
  prev.depositedAtBlock 2
  Before add prev.amount 2000000000000000000
  Final prev.amount 3000000000000000000
  Vault Balance Start: 3000000000000000000
  maxDeposit 1000000000000000000
  prev.amount 0
  block.number 4
  prev.depositedAtBlock 0
  Before add prev.amount 0
  Final prev.amount 1000000000000000000
  maxDeposit 0
  prev.amount 1000000000000000000
  block.number 4
  prev.depositedAtBlock 4
  After subtract prev.amount 115792089237316195423570985008687907853269984665640564039456584007913129639936
  Before add prev.amount 115792089237316195423570985008687907853269984665640564039456584007913129639936
  Final prev.amount 0

Traces:
  [988157] ReentrancyExploit::setUp()
    ├─ [427513] → new BlockDepositVault@0x5615dEB798BB3E4dFa0139dFa1b3D433Cc23b72f
    │   └─ ← [Return] 2135 bytes of code
    ├─ [371709] → new Attacker@0x2e234DAe75C793f67A35089C9d99245E1C58470b
    │   └─ ← [Return] 1744 bytes of code
    ├─ [0] VM::deal(ECRecover: [0x0000000000000000000000000000000000000001], 20000000000000000000 [2e19])
    │   └─ ← [Return]
    ├─ [0] VM::prank(ECRecover: [0x0000000000000000000000000000000000000001], ECRecover: [0x0000000000000000000000000000000000000001])
    │   └─ ← [Return]
    ├─ [52507] BlockDepositVault::receive{value: 1000000000000000000}()
    │   ├─ [0] console::log("maxDeposit", 1000000000000000000 [1e18]) [staticcall]
    │   │   └─ ← [Stop]
    │   ├─ [0] console::log("prev.amount", 0) [staticcall]
    │   │   └─ ← [Stop]
    │   ├─ [0] console::log("block.number", 1) [staticcall]
    │   │   └─ ← [Stop]
    │   ├─ [0] console::log("prev.depositedAtBlock", 0) [staticcall]
    │   │   └─ ← [Stop]
    │   ├─ [0] console::log("Before add prev.amount", 0) [staticcall]
    │   │   └─ ← [Stop]
    │   ├─ [0] console::log("Final prev.amount", 1000000000000000000 [1e18]) [staticcall]
    │   │   └─ ← [Stop]
    │   └─ ← [Stop]
    ├─ [0] VM::roll(2)
    │   └─ ← [Return]
    ├─ [0] VM::prank(ECRecover: [0x0000000000000000000000000000000000000001], ECRecover: [0x0000000000000000000000000000000000000001])
    │   └─ ← [Return]
    ├─ [6207] BlockDepositVault::receive{value: 1000000000000000000}()
    │   ├─ [0] console::log("maxDeposit", 1000000000000000000 [1e18]) [staticcall]
    │   │   └─ ← [Stop]
    │   ├─ [0] console::log("prev.amount", 1000000000000000000 [1e18]) [staticcall]
    │   │   └─ ← [Stop]
    │   ├─ [0] console::log("block.number", 2) [staticcall]
    │   │   └─ ← [Stop]
    │   ├─ [0] console::log("prev.depositedAtBlock", 1) [staticcall]
    │   │   └─ ← [Stop]
    │   ├─ [0] console::log("Before add prev.amount", 1000000000000000000 [1e18]) [staticcall]
    │   │   └─ ← [Stop]
    │   ├─ [0] console::log("Final prev.amount", 2000000000000000000 [2e18]) [staticcall]
    │   │   └─ ← [Stop]
    │   └─ ← [Stop]
    ├─ [0] VM::roll(3)
    │   └─ ← [Return]
    ├─ [0] VM::prank(ECRecover: [0x0000000000000000000000000000000000000001], ECRecover: [0x0000000000000000000000000000000000000001])
    │   └─ ← [Return]
    ├─ [6207] BlockDepositVault::receive{value: 1000000000000000000}()
    │   ├─ [0] console::log("maxDeposit", 1000000000000000000 [1e18]) [staticcall]
    │   │   └─ ← [Stop]
    │   ├─ [0] console::log("prev.amount", 2000000000000000000 [2e18]) [staticcall]
    │   │   └─ ← [Stop]
    │   ├─ [0] console::log("block.number", 3) [staticcall]
    │   │   └─ ← [Stop]
    │   ├─ [0] console::log("prev.depositedAtBlock", 2) [staticcall]
    │   │   └─ ← [Stop]
    │   ├─ [0] console::log("Before add prev.amount", 2000000000000000000 [2e18]) [staticcall]
    │   │   └─ ← [Stop]
    │   ├─ [0] console::log("Final prev.amount", 3000000000000000000 [3e18]) [staticcall]
    │   │   └─ ← [Stop]
    │   └─ ← [Stop]
    └─ ← [Stop]

  [130842] ReentrancyExploit::testReentrancy()
    ├─ [0] VM::deal(0x000000000000000000000000000000000000dEaD, 1000000000000000000 [1e18])
    │   └─ ← [Return]
    ├─ [0] VM::deal(Attacker: [0x2e234DAe75C793f67A35089C9d99245E1C58470b], 5000000000000000000 [5e18])
    │   └─ ← [Return]
    ├─ [0] VM::roll(4)
    │   └─ ← [Return]
    ├─ [0] console::log("Vault Balance Start:", 3000000000000000000 [3e18]) [staticcall]
    │   └─ ← [Stop]
    ├─ [0] VM::startPrank(0x000000000000000000000000000000000000dEaD, 0x000000000000000000000000000000000000dEaD)
    │   └─ ← [Return]
    ├─ [114481] Attacker::attack()
    │   ├─ [50007] BlockDepositVault::receive{value: 1000000000000000000}()
    │   │   ├─ [0] console::log("maxDeposit", 1000000000000000000 [1e18]) [staticcall]
    │   │   │   └─ ← [Stop]
    │   │   ├─ [0] console::log("prev.amount", 0) [staticcall]
    │   │   │   └─ ← [Stop]
    │   │   ├─ [0] console::log("block.number", 4) [staticcall]
    │   │   │   └─ ← [Stop]
    │   │   ├─ [0] console::log("prev.depositedAtBlock", 0) [staticcall]
    │   │   │   └─ ← [Stop]
    │   │   ├─ [0] console::log("Before add prev.amount", 0) [staticcall]
    │   │   │   └─ ← [Stop]
    │   │   ├─ [0] console::log("Final prev.amount", 1000000000000000000 [1e18]) [staticcall]
    │   │   │   └─ ← [Stop]
    │   │   └─ ← [Stop]
    │   ├─ [46479] BlockDepositVault::receive{value: 1000000000000000000}()
    │   │   ├─ [0] console::log("maxDeposit", 0) [staticcall]
    │   │   │   └─ ← [Stop]
    │   │   ├─ [0] console::log("prev.amount", 1000000000000000000 [1e18]) [staticcall]
    │   │   │   └─ ← [Stop]
    │   │   ├─ [0] console::log("block.number", 4) [staticcall]
    │   │   │   └─ ← [Stop]
    │   │   ├─ [0] console::log("prev.depositedAtBlock", 4) [staticcall]
    │   │   │   └─ ← [Stop]
    │   │   ├─ [12126] Attacker::receive{value: 1000000000000000000}()
    │   │   │   ├─ [7900] BlockDepositVault::withdraw(1000000000000000000 [1e18])
    │   │   │   │   ├─ [284] Attacker::receive{value: 1000000000000000000}()
    │   │   │   │   │   └─ ← [Stop]
    │   │   │   │   └─ ← [Stop]
    │   │   │   └─ ← [Stop]
    │   │   ├─ [0] console::log("After subtract prev.amount", 115792089237316195423570985008687907853269984665640564039456584007913129639936 [1.157e77]) [staticcall]
    │   │   │   └─ ← [Stop]
    │   │   ├─ [0] console::log("Before add prev.amount", 115792089237316195423570985008687907853269984665640564039456584007913129639936 [1.157e77]) [staticcall]
    │   │   │   └─ ← [Stop]
    │   │   ├─ [0] console::log("Final prev.amount", 0) [staticcall]
    │   │   │   └─ ← [Stop]
    │   │   └─ ← [Stop]
    │   ├─ [549] BlockDepositVault::withdraw(3000000000000000000 [3e18])
    │   │   └─ ← [Revert] NOT_ENOUGH_ETH
    │   └─ ← [Revert] NOT_ENOUGH_ETH
    └─ ← [Revert] NOT_ENOUGH_ETH

Backtrace:
  at BlockDepositVault.withdraw
  at Attacker.attack
  at ReentrancyExploit.testReentrancy

Suite result: FAILED. 0 passed; 1 failed; 0 skipped; finished in 744.23µs (130.55µs CPU time)

Ran 1 test suite in 7.20ms (744.23µs CPU time): 0 tests passed, 1 failed, 0 skipped (1 total tests)

Failing tests:
Encountered 1 failing test in test/ReentrancyExploit.t.sol:ReentrancyExploit
[FAIL: NOT_ENOUGH_ETH] testReentrancy() (gas: 130842)

Encountered a total of 1 failing tests, 0 tests succeeded

Tip: Run `forge test --rerun` to retry only the 1 failed test
